<!DOCTYPE html>
<html lang="en">
  <head>
    <meta charset="utf-8" />
    <title>Ottoneu League</title>
  </head>
  <body>
    <table class="standings-table">
      <tbody>
        <tr>
          <td>
            <a href="https://ottoneu.fangraphs.com/football/309/team/2514">
              The Witchcraft
            </a>
          </td>
        </tr>
      </tbody>
    </table>
  </body>
</html>
